[www.tkogmission.org/handouts.html]
[backblue.gif]
[fade.gif]
[index.html]
[tkogmission.org/index.html]
[static.wixstatic.com/media/b62fc3_84a90f74facd4cf5b3c608747db0624a_mv2.png/v1/fill/w_192,h_192,lg_1,usm_0.66_1.00_0.01/b62fc3_84a90f74facd4cf5b3c608747db0624a_mv2.png]
[static.wixstatic.com/media/b62fc3_84a90f74facd4cf5b3c608747db0624a_mv2.png/v1/fill/w_32,h_32,lg_1,usm_0.66_1.00_0.01/b62fc3_84a90f74facd4cf5b3c608747db0624a_mv2.png]
[static.wixstatic.com/media/b62fc3_84a90f74facd4cf5b3c608747db0624a_mv2.png/v1/fill/w_180,h_180,lg_1,usm_0.66_1.00_0.01/b62fc3_84a90f74facd4cf5b3c608747db0624a_mv2.png]
[static.parastorage.com/unpkg/@formatjs/intl-segmenter@11.7.10/polyfill.iife.js]
[static.parastorage.com/unpkg/core-js-bundle@3.2.1/minified.js]
[static.parastorage.com/unpkg/focus-within-polyfill@5.0.9/dist/focus-within-polyfill.js]
[www.tkogmission.org/c.7.delayed]
[www.tkogmission.org/t.8.delayed]
[static.wixstatic.com/media/11062b_f1fbf8b243e942a692e564fac5382513f000.jpg/v1/fill/w_288,h_162,al_c,q_80,usm_0.66_1.00_0.01,blur_2,enc_avif,quality_auto/11062b_f1fbf8b243e942a692e564fac5382513f000.jpg]
[www.tkogmission.org/_files/ugd/SPANISH_THELEGACYSERIESBOOK1.pdf_; filename_=UTF-8''SPANISH_THELEGACYSERIESBOOK1.pdf]
[www.tkogmission.org/_files/ugd/HolySpiritGiftQuestionaire.xls_; filename_=UTF-8''HolySpiritGiftQuestionaire8066.xls]
[www.paypalobjects.com/en_US/i/btn/btn_donateCC_LG.gif]
[www.paypalobjects.com/en_US/i/scr/pixel.gif]
[static.wixstatic.com/media/81af6121f84c41a5b4391d7d37fce12a.png/v1/fill/w_26,h_26,al_c,q_85,usm_0.66_1.00_0.01,enc_avif,quality_auto/81af6121f84c41a5b4391d7d37fce12a.png]
[static.wixstatic.com/media/203dcdc2ac8b48de89313f90d2a4cda1.png/v1/fill/w_26,h_26,al_c,q_85,usm_0.66_1.00_0.01,enc_avif,quality_auto/203dcdc2ac8b48de89313f90d2a4cda1.png]
[static.wixstatic.com/media/23fd2a2be53141ed810f4d3dcdcd01fa.png/v1/fill/w_26,h_26,al_c,q_85,usm_0.66_1.00_0.01,enc_avif,quality_auto/23fd2a2be53141ed810f4d3dcdcd01fa.png]
[browser.sentry-cdn.com/7.120.3/bundle.tracing.es5.min.js]
[browser.sentry-cdn.com/7.120.3/modulemetadata.es5.min.js]
[www.tkogmission.org/envelope/index.html]
[www.tkogmission.org/api/index.html]
[www.tkogmission.org/sitemap.xml]
[www.tkogmission.org/feed.14.delayed]
[static.parastorage.com/services/wix-thunderbolt/dist/thunderbolt-commons.f74bb82c.bundle.min.js]
[static.parastorage.com/services/wix-thunderbolt/dist/main.3ea18ff8.bundle.min.js]
[static.parastorage.com/services/wix-thunderbolt/dist/main.renderer.f600e767.bundle.min.js]
[static.parastorage.com/unpkg/lodash@4.17.21/lodash.min.js]
[static.parastorage.com/unpkg/react@18.3.1/umd/react.production.min.js]
[static.parastorage.com/unpkg/react-dom@18.3.1/umd/react-dom.production.min.js]
[static.parastorage.com/services/wix-thunderbolt/dist/browser-deprecation.bundle.es5.js]
[www.tkogmission.org/decodeURIComponent(e.1c.delayed]
[www.tkogmission.org/handouts.html]
[www.tkogmission.org/c.html]
[www.tkogmission.org/t.html]
[www.tkogmission.org/api/index.html]
[www.tkogmission.org/envelope/index.html]
[www.tkogmission.org/feed.html]
[www.tkogmission.org/decodeURIComponent(e.html]
[static.parastorage.com/services/tag-manager-client/1.1028.0/siteTags.bundle.min.js]
